Minimal solution in 118 moves + 21 flips in 2 passes.
Took 16.12 sec. 37.55 million moves generated.
Minimal solution in 131 moves + 21 flips in 3 passes.
Took 13.68 sec. 23.21 million moves generated.
Minimal solution in 108 moves + 21 flips in 2 passes.
Took 3.301 sec. 8.286 million moves generated.
Minimal solution in 112 moves + 21 flips in 2 passes.
Took 1.846 sec. 5.562 million moves generated.
Minimal solution in 104 moves + 21 flips in 2 passes.
Took 0.04779 sec. 0.0691 million moves generated.
Minimal solution in 110 moves + 21 flips in 2 passes.
Took 1.087 sec. 3.688 million moves generated.
Minimal solution in 110 moves + 21 flips in 2 passes.
Took 10.38 sec. 22.39 million moves generated.
Minimal solution in 122 moves + 21 flips in 3 passes.
Took 0.4594 sec. 1.155 million moves generated.
Minimal solution in 115 moves + 21 flips in 2 passes.
Took 1.185 sec. 3.462 million moves generated.
Impossible.
Took 0.3261 sec. 0.4561 million moves generated.
